---
source: src/parser/mod.rs
assertion_line: 99
expression: syntax_tree_debug

---
Root@0..505
  AssignStmt@0..5
    Ident@0..1
      Ident@0..1 "a"
    Assign@1..2 "="
    LiteralExpr@2..5
      Int@2..5 "581"
  AssignStmt@5..11
    Ident@5..6
      Ident@5..6 "b"
    Assign@6..7 "="
    LiteralExpr@7..11
      HexInt@7..11 "0xFF"
  AssignStmt@11..16
    Ident@11..12
      Ident@11..12 "c"
    Assign@12..13 "="
    LiteralExpr@13..16
      Nil@13..16 "nil"
  AssignStmt@16..22
    Ident@16..17
      Ident@16..17 "d"
    Assign@17..18 "="
    LiteralExpr@18..22
      True@18..22 "true"
  AssignStmt@22..29
    Ident@22..23
      Ident@22..23 "e"
    Assign@23..24 "="
    LiteralExpr@24..29
      False@24..29 "false"
  AssignStmt@29..38
    Ident@29..30
      Ident@29..30 "f"
    Assign@30..31 "="
    LiteralExpr@31..38
      String@31..38 "\"hello\""
  AssignStmt@38..47
    Ident@38..39
      Ident@38..39 "g"
    Assign@39..40 "="
    LiteralExpr@40..47
      String@40..47 "'world'"
  AssignStmt@47..58
    Ident@47..48
      Ident@47..48 "h"
    Assign@48..49 "="
    LiteralExpr@49..58
      LongString@49..58 "[[woosh]]"
  AssignStmt@58..71
    Ident@58..59
      Ident@58..59 "i"
    Assign@59..60 "="
    LiteralExpr@60..71
      LongString@60..71 "[=[woosh]=]"
  AssignStmt@71..78
    Ident@71..72
      Ident@71..72 "l"
    Assign@72..73 "="
    LiteralExpr@73..78
      Float@73..78 "0.5e5"
  AssignStmt@78..86
    Ident@78..79
      Ident@78..79 "j"
    Assign@79..80 "="
    LiteralExpr@80..86
      HexFloat@80..86 "0xce.1"
  AssignStmt@86..96
    Ident@86..87
      Ident@86..87 "k"
    Assign@87..88 "="
    LiteralExpr@88..96
      HexFloat@88..96 "0x1.9p-3"
  AssignStmt@96..100
    Ident@96..97
      Ident@96..97 "t"
    Assign@97..98 "="
    TableExpr@98..100
      LCurly@98..99 "{"
      RCurly@99..100 "}"
  AssignStmt@100..110
    Ident@100..102
      Ident@100..102 "tl"
    Assign@102..103 "="
    TableExpr@103..110
      LCurly@103..104 "{"
      TableArrayElem@104..106
        LiteralExpr@104..106
          Int@104..106 "59"
      Comma@106..107 ","
      TableArrayElem@107..109
        LiteralExpr@107..109
          Int@107..109 "63"
      RCurly@109..110 "}"
  AssignStmt@110..131
    Ident@110..112
      Ident@110..112 "tr"
    Assign@112..113 "="
    TableExpr@113..131
      LCurly@113..114 "{"
      TableMapElem@114..121
        Ident@114..118 "anna"
        Assign@118..119 "="
        LiteralExpr@119..121
          Int@119..121 "15"
      Comma@121..122 ","
      TableMapElem@122..130
        Ident@122..127 "james"
        Assign@127..128 "="
        LiteralExpr@128..130
          Int@128..130 "20"
      RCurly@130..131 "}"
  AssignStmt@131..169
    Ident@131..133
      Ident@131..133 "tg"
    Assign@133..134 "="
    TableExpr@134..169
      LCurly@134..135 "{"
      TableGenericElem@135..141
        LBracket@135..136 "["
        LiteralExpr@136..137
          Int@136..137 "0"
        RBracket@137..138 "]"
        Assign@138..139 "="
        LiteralExpr@139..141
          Int@139..141 "10"
      Comma@141..142 ","
      TableGenericElem@142..153
        LBracket@142..143 "["
        LiteralExpr@143..149
          String@143..149 "\"anna\""
        RBracket@149..150 "]"
        Assign@150..151 "="
        LiteralExpr@151..153
          Int@151..153 "15"
      Comma@153..154 ","
      TableGenericElem@154..168
        LBracket@154..155 "["
        LiteralExpr@155..162
          String@155..162 "\"james\""
        RBracket@162..163 "]"
        Assign@163..164 "="
        LiteralExpr@164..168
          String@164..168 "\"20\""
      RCurly@168..169 "}"
  AssignStmt@169..174
    Ident@169..170
      Ident@169..170 "y"
    Assign@170..171 "="
    PrefixOp@171..174
      Minus@171..172 "-"
      LiteralExpr@172..174
        Int@172..174 "18"
  BlockStmt@174..505
    Do@174..176 "do"
    StmtList@176..502
      DeclStmt@176..502
        Local@176..181 "local"
        DeclTarget@181..189
          Ident@181..189 "keywords"
        Assign@189..190 "="
        TableExpr@190..502
          LCurly@190..191 "{"
          TableGenericElem@191..203
            LBracket@191..192 "["
            LiteralExpr@192..197
              String@192..197 "\"and\""
            RBracket@197..198 "]"
            Assign@198..199 "="
            LiteralExpr@199..203
              True@199..203 "true"
          Comma@203..204 ","
          TableGenericElem@204..218
            LBracket@204..205 "["
            LiteralExpr@205..212
              String@205..212 "\"break\""
            RBracket@212..213 "]"
            Assign@213..214 "="
            LiteralExpr@214..218
              True@214..218 "true"
          Comma@218..219 ","
          TableGenericElem@219..230
            LBracket@219..220 "["
            LiteralExpr@220..224
              String@220..224 "\"do\""
            RBracket@224..225 "]"
            Assign@225..226 "="
            LiteralExpr@226..230
              True@226..230 "true"
          Comma@230..231 ","
          TableGenericElem@231..244
            LBracket@231..232 "["
            LiteralExpr@232..238
              String@232..238 "\"else\""
            RBracket@238..239 "]"
            Assign@239..240 "="
            LiteralExpr@240..244
              True@240..244 "true"
          Comma@244..245 ","
          TableGenericElem@245..260
            LBracket@245..246 "["
            LiteralExpr@246..254
              String@246..254 "\"elseif\""
            RBracket@254..255 "]"
            Assign@255..256 "="
            LiteralExpr@256..260
              True@256..260 "true"
          Comma@260..261 ","
          TableGenericElem@261..273
            LBracket@261..262 "["
            LiteralExpr@262..267
              String@262..267 "\"end\""
            RBracket@267..268 "]"
            Assign@268..269 "="
            LiteralExpr@269..273
              True@269..273 "true"
          Comma@273..274 ","
          TableGenericElem@274..288
            LBracket@274..275 "["
            LiteralExpr@275..282
              String@275..282 "\"false\""
            RBracket@282..283 "]"
            Assign@283..284 "="
            LiteralExpr@284..288
              True@284..288 "true"
          Comma@288..289 ","
          TableGenericElem@289..301
            LBracket@289..290 "["
            LiteralExpr@290..295
              String@290..295 "\"for\""
            RBracket@295..296 "]"
            Assign@296..297 "="
            LiteralExpr@297..301
              True@297..301 "true"
          Comma@301..302 ","
          TableGenericElem@302..319
            LBracket@302..303 "["
            LiteralExpr@303..313
              String@303..313 "\"function\""
            RBracket@313..314 "]"
            Assign@314..315 "="
            LiteralExpr@315..319
              True@315..319 "true"
          Comma@319..320 ","
          TableGenericElem@320..333
            LBracket@320..321 "["
            LiteralExpr@321..327
              String@321..327 "\"goto\""
            RBracket@327..328 "]"
            Assign@328..329 "="
            LiteralExpr@329..333
              True@329..333 "true"
          Comma@333..334 ","
          TableGenericElem@334..345
            LBracket@334..335 "["
            LiteralExpr@335..339
              String@335..339 "\"if\""
            RBracket@339..340 "]"
            Assign@340..341 "="
            LiteralExpr@341..345
              True@341..345 "true"
          Comma@345..346 ","
          TableGenericElem@346..357
            LBracket@346..347 "["
            LiteralExpr@347..351
              String@347..351 "\"in\""
            RBracket@351..352 "]"
            Assign@352..353 "="
            LiteralExpr@353..357
              True@353..357 "true"
          Comma@357..358 ","
          TableGenericElem@358..372
            LBracket@358..359 "["
            LiteralExpr@359..366
              String@359..366 "\"local\""
            RBracket@366..367 "]"
            Assign@367..368 "="
            LiteralExpr@368..372
              True@368..372 "true"
          Comma@372..373 ","
          TableGenericElem@373..385
            LBracket@373..374 "["
            LiteralExpr@374..379
              String@374..379 "\"nil\""
            RBracket@379..380 "]"
            Assign@380..381 "="
            LiteralExpr@381..385
              True@381..385 "true"
          Comma@385..386 ","
          TableGenericElem@386..398
            LBracket@386..387 "["
            LiteralExpr@387..392
              String@387..392 "\"not\""
            RBracket@392..393 "]"
            Assign@393..394 "="
            LiteralExpr@394..398
              True@394..398 "true"
          Comma@398..399 ","
          TableGenericElem@399..410
            LBracket@399..400 "["
            LiteralExpr@400..404
              String@400..404 "\"or\""
            RBracket@404..405 "]"
            Assign@405..406 "="
            LiteralExpr@406..410
              True@406..410 "true"
          Comma@410..411 ","
          TableGenericElem@411..426
            LBracket@411..412 "["
            LiteralExpr@412..420
              String@412..420 "\"repeat\""
            RBracket@420..421 "]"
            Assign@421..422 "="
            LiteralExpr@422..426
              True@422..426 "true"
          Comma@426..427 ","
          TableGenericElem@427..442
            LBracket@427..428 "["
            LiteralExpr@428..436
              String@428..436 "\"return\""
            RBracket@436..437 "]"
            Assign@437..438 "="
            LiteralExpr@438..442
              True@438..442 "true"
          Comma@442..443 ","
          TableGenericElem@443..456
            LBracket@443..444 "["
            LiteralExpr@444..450
              String@444..450 "\"then\""
            RBracket@450..451 "]"
            Assign@451..452 "="
            LiteralExpr@452..456
              True@452..456 "true"
          Comma@456..457 ","
          TableGenericElem@457..470
            LBracket@457..458 "["
            LiteralExpr@458..464
              String@458..464 "\"true\""
            RBracket@464..465 "]"
            Assign@465..466 "="
            LiteralExpr@466..470
              True@466..470 "true"
          Comma@470..471 ","
          TableGenericElem@471..485
            LBracket@471..472 "["
            LiteralExpr@472..479
              String@472..479 "\"until\""
            RBracket@479..480 "]"
            Assign@480..481 "="
            LiteralExpr@481..485
              True@481..485 "true"
          Comma@485..486 ","
          TableGenericElem@486..500
            LBracket@486..487 "["
            LiteralExpr@487..494
              String@487..494 "\"while\""
            RBracket@494..495 "]"
            Assign@495..496 "="
            LiteralExpr@496..500
              True@496..500 "true"
          Comma@500..501 ","
          RCurly@501..502 "}"
    End@502..505 "end"

