---
source: src/parser/mod.rs
assertion_line: 880
expression: syntax_tree

---
SyntaxTree {
    block: [
        Assign(
            Assign {
                target: [
                    Ident(
                        Ident {
                            name: "num",
                        },
                    ),
                ],
                value: [
                    Binary(
                        BinaryExpr {
                            op: Sub,
                            lhs: Binary(
                                BinaryExpr {
                                    op: Add,
                                    lhs: Literal(
                                        Num(
                                            Int(
                                                5,
                                            ),
                                        ),
                                    ),
                                    rhs: Binary(
                                        BinaryExpr {
                                            op: Mul,
                                            lhs: Literal(
                                                Num(
                                                    Int(
                                                        6,
                                                    ),
                                                ),
                                            ),
                                            rhs: Literal(
                                                Num(
                                                    Int(
                                                        3,
                                                    ),
                                                ),
                                            ),
                                        },
                                    ),
                                },
                            ),
                            rhs: Binary(
                                BinaryExpr {
                                    op: Div,
                                    lhs: Literal(
                                        Num(
                                            Int(
                                                6,
                                            ),
                                        ),
                                    ),
                                    rhs: Literal(
                                        Num(
                                            Int(
                                                3,
                                            ),
                                        ),
                                    ),
                                },
                            ),
                        },
                    ),
                ],
            },
        ),
    ],
}
