---
source: src/parser/mod.rs
assertion_line: 899
expression: syntax_tree

---
SyntaxTree {
    block: [
        Assign(
            Assign {
                target: [
                    Ident(
                        Ident {
                            name: "a",
                        },
                    ),
                ],
                value: [
                    Literal(
                        Num(
                            Int(
                                581,
                            ),
                        ),
                    ),
                ],
            },
        ),
        Assign(
            Assign {
                target: [
                    Ident(
                        Ident {
                            name: "b",
                        },
                    ),
                ],
                value: [
                    Literal(
                        Num(
                            Int(
                                255,
                            ),
                        ),
                    ),
                ],
            },
        ),
        Assign(
            Assign {
                target: [
                    Ident(
                        Ident {
                            name: "c",
                        },
                    ),
                ],
                value: [
                    Literal(
                        Nil,
                    ),
                ],
            },
        ),
        Assign(
            Assign {
                target: [
                    Ident(
                        Ident {
                            name: "d",
                        },
                    ),
                ],
                value: [
                    Literal(
                        Boolean(
                            true,
                        ),
                    ),
                ],
            },
        ),
        Assign(
            Assign {
                target: [
                    Ident(
                        Ident {
                            name: "e",
                        },
                    ),
                ],
                value: [
                    Literal(
                        Boolean(
                            false,
                        ),
                    ),
                ],
            },
        ),
        Assign(
            Assign {
                target: [
                    Ident(
                        Ident {
                            name: "f",
                        },
                    ),
                ],
                value: [
                    Literal(
                        String(
                            [
                                104,
                                101,
                                108,
                                108,
                                111,
                            ],
                        ),
                    ),
                ],
            },
        ),
        Assign(
            Assign {
                target: [
                    Ident(
                        Ident {
                            name: "g",
                        },
                    ),
                ],
                value: [
                    Literal(
                        String(
                            [
                                119,
                                111,
                                114,
                                108,
                                100,
                            ],
                        ),
                    ),
                ],
            },
        ),
        Assign(
            Assign {
                target: [
                    Ident(
                        Ident {
                            name: "h",
                        },
                    ),
                ],
                value: [
                    Literal(
                        String(
                            [
                                119,
                                111,
                                111,
                                115,
                                104,
                            ],
                        ),
                    ),
                ],
            },
        ),
        Assign(
            Assign {
                target: [
                    Ident(
                        Ident {
                            name: "i",
                        },
                    ),
                ],
                value: [
                    Literal(
                        String(
                            [
                                119,
                                111,
                                111,
                                115,
                                104,
                            ],
                        ),
                    ),
                ],
            },
        ),
        Assign(
            Assign {
                target: [
                    Ident(
                        Ident {
                            name: "l",
                        },
                    ),
                ],
                value: [
                    Literal(
                        Num(
                            Float(
                                50000.0,
                            ),
                        ),
                    ),
                ],
            },
        ),
        Assign(
            Assign {
                target: [
                    Ident(
                        Ident {
                            name: "j",
                        },
                    ),
                ],
                value: [
                    Literal(
                        Num(
                            Float(
                                206.0625,
                            ),
                        ),
                    ),
                ],
            },
        ),
        Assign(
            Assign {
                target: [
                    Ident(
                        Ident {
                            name: "k",
                        },
                    ),
                ],
                value: [
                    Literal(
                        Num(
                            Float(
                                0.1953125,
                            ),
                        ),
                    ),
                ],
            },
        ),
        Assign(
            Assign {
                target: [
                    Ident(
                        Ident {
                            name: "t",
                        },
                    ),
                ],
                value: [
                    Table(
                        Table {
                            elements: [],
                        },
                    ),
                ],
            },
        ),
        Assign(
            Assign {
                target: [
                    Ident(
                        Ident {
                            name: "tl",
                        },
                    ),
                ],
                value: [
                    Table(
                        Table {
                            elements: [
                                TableElement {
                                    key: None,
                                    value: Literal(
                                        Num(
                                            Int(
                                                59,
                                            ),
                                        ),
                                    ),
                                },
                                TableElement {
                                    key: None,
                                    value: Literal(
                                        Num(
                                            Int(
                                                63,
                                            ),
                                        ),
                                    ),
                                },
                            ],
                        },
                    ),
                ],
            },
        ),
        Assign(
            Assign {
                target: [
                    Ident(
                        Ident {
                            name: "tr",
                        },
                    ),
                ],
                value: [
                    Table(
                        Table {
                            elements: [
                                TableElement {
                                    key: Some(
                                        Ident(
                                            Ident {
                                                name: "anna",
                                            },
                                        ),
                                    ),
                                    value: Literal(
                                        Num(
                                            Int(
                                                15,
                                            ),
                                        ),
                                    ),
                                },
                                TableElement {
                                    key: Some(
                                        Ident(
                                            Ident {
                                                name: "james",
                                            },
                                        ),
                                    ),
                                    value: Literal(
                                        Num(
                                            Int(
                                                20,
                                            ),
                                        ),
                                    ),
                                },
                            ],
                        },
                    ),
                ],
            },
        ),
        Assign(
            Assign {
                target: [
                    Ident(
                        Ident {
                            name: "tg",
                        },
                    ),
                ],
                value: [
                    Table(
                        Table {
                            elements: [
                                TableElement {
                                    key: Some(
                                        Literal(
                                            Num(
                                                Int(
                                                    0,
                                                ),
                                            ),
                                        ),
                                    ),
                                    value: Literal(
                                        Num(
                                            Int(
                                                10,
                                            ),
                                        ),
                                    ),
                                },
                                TableElement {
                                    key: Some(
                                        Literal(
                                            String(
                                                [
                                                    97,
                                                    110,
                                                    110,
                                                    97,
                                                ],
                                            ),
                                        ),
                                    ),
                                    value: Literal(
                                        Num(
                                            Int(
                                                15,
                                            ),
                                        ),
                                    ),
                                },
                                TableElement {
                                    key: Some(
                                        Literal(
                                            String(
                                                [
                                                    106,
                                                    97,
                                                    109,
                                                    101,
                                                    115,
                                                ],
                                            ),
                                        ),
                                    ),
                                    value: Literal(
                                        String(
                                            [
                                                50,
                                                48,
                                            ],
                                        ),
                                    ),
                                },
                            ],
                        },
                    ),
                ],
            },
        ),
        Assign(
            Assign {
                target: [
                    Ident(
                        Ident {
                            name: "y",
                        },
                    ),
                ],
                value: [
                    Unary(
                        UnaryExpr {
                            op: Neg,
                            expr: Literal(
                                Num(
                                    Int(
                                        18,
                                    ),
                                ),
                            ),
                        },
                    ),
                ],
            },
        ),
    ],
}
